<html>
<body>
<pre>
<h1>�Vision Build Log</h1>
<h2>Tool Versions:</h2>
IDE-Version: µVision V5.14.2
Copyright (C) 2015 ARM Ltd and ARM Germany GmbH. All rights reserved.
License Information: Cortex-M3, 1, LIC=FQQDY-IAPS4-EYAVT-R803M-8YHSC-D5VJ5
 
Tool Versions:
Toolchain:       MDK-ARM Professional  Version: 5.14.0.0
Toolchain Path:  D:\BaiduNetdiskDownload\keil5\ARM\ARMCC\Bin
C Compiler:      Armcc.exe V5.05 update 1 (build 106)
Assembler:       Armasm.exe V5.05 update 1 (build 106)
Linker/Locator:  ArmLink.exe V5.05 update 1 (build 106)
Library Manager: ArmAr.exe V5.05 update 1 (build 106)
Hex Converter:   FromElf.exe V5.05 update 1 (build 106)
CPU DLL:         SARMCM3.DLL V5.14.0.0
Dialog DLL:      DARMSTM.DLL V1.65.0.0
Target DLL:      Segger\JL2CM3.dll V2.99.13.0
Dialog DLL:      TARMSTM.DLL V1.64.0.0
 
<h2>Project:</h2>
C:\Users\Bo17875172661\Desktop\document\铭普光磁公司项目\code\18B20\DS18B20\USER\DS18B20.uvprojx
Project File Date:  02/25/2020

<h2>Output:</h2>
*** Using Compiler 'V5.05 update 1 (build 106)', folder: 'D:\BaiduNetdiskDownload\keil5\ARM\ARMCC\Bin'
Build target 'Target 1'
compiling 18B20.c...
..\HARDWARE\DS18B20\18B20.h(18): warning:  #1-D: last line of file ends without a newline
  #endif
..\HARDWARE\DS18B20\18B20.c(304): warning:  #1-D: last line of file ends without a newline
  }
..\HARDWARE\DS18B20\18B20.c: 2 warnings, 0 errors
linking...
Program Size: Code=12658 RO-data=570 RW-data=56 ZI-data=1896  
FromELF: creating hex file...
"..\OBJ\DS18B20.axf" - 0 Error(s), 2 Warning(s).

<h2>Collection of Component include folders:</h2>
  C:\Users\Bo17875172661\Desktop\document\铭普光磁公司项目\code\18B20\DS18B20\USER\RTE
  D:\BaiduNetdiskDownload\keil5\ARM\PACK\Keil\STM32F1xx_DFP\1.0.5\Device\Include

<h2>Collection of Component Files used:</h2>
</pre>
</body>
</html>
